C:\git\h3dge\src\hdl\system\implementation\system.ngc 1323638022
C:/git/h3dge/src/hdl/system/implementation/ppc440_0_wrapper.ngc 1323637763
C:/git/h3dge/src/hdl/system/implementation/plb_v46_0_wrapper.ngc 1323637763
C:/git/h3dge/src/hdl/system/implementation/xps_bram_if_cntlr_1_wrapper.ngc 1323637763
C:/git/h3dge/src/hdl/system/implementation/xps_bram_if_cntlr_1_bram_wrapper.ngc 1323637763
C:/git/h3dge/src/hdl/system/implementation/rs232_uart_1_wrapper.ngc 1323637763
C:/git/h3dge/src/hdl/system/implementation/leds_8bit_wrapper.ngc 1323637763
C:/git/h3dge/src/hdl/system/implementation/leds_positions_wrapper.ngc 1323637763
C:/git/h3dge/src/hdl/system/implementation/push_buttons_5bit_wrapper.ngc 1323637763
C:/git/h3dge/src/hdl/system/implementation/dip_switches_8bit_wrapper.ngc 1323637763
C:/git/h3dge/src/hdl/system/implementation/sram_wrapper.ngc 1323637763
C:/git/h3dge/src/hdl/system/implementation/ddr2_sdram_wrapper.ngc 1323637763
C:/git/h3dge/src/hdl/system/implementation/xps_timer_0_wrapper.ngc 1323637763
C:/git/h3dge/src/hdl/system/implementation/ppc440_0_fcb_v20_wrapper.ngc 1323637763
C:/git/h3dge/src/hdl/system/implementation/ppc440_0_apu_fpu_virtex5_wrapper.ngc 1323637764
C:/git/h3dge/src/hdl/system/implementation/clock_generator_0_wrapper.ngc 1323637892
C:/git/h3dge/src/hdl/system/implementation/jtagppc_cntlr_inst_wrapper.ngc 1323637764
C:/git/h3dge/src/hdl/system/implementation/proc_sys_reset_0_wrapper.ngc 1323637764
C:/git/h3dge/src/hdl/system/implementation/xps_intc_0_wrapper.ngc 1323637764
C:/git/h3dge/src/hdl/system/implementation/xps_tft_0_wrapper.ngc 1323637764
C:/git/h3dge/src/hdl/system/implementation/util_vector_logic_0_wrapper.ngc 1323637764
C:/git/h3dge/src/hdl/system/implementation/h3dge_coproc_0_wrapper.ngc 1323637888
C:\git\h3dge\src\hdl\system\implementation\coproc.edf 1323622744
C:\git\h3dge\src\hdl\system\implementation\adder.edf 1323610721
OK
