V3 5
FL C:/Xilinx/13.1/ISE_DS/EDK/hw/XilinxProcessorIPLib/pcores/interrupt_control_v2_01_a/hdl/vhdl/interrupt_control.vhd 2008/07/02.11:30:09 O.40d
EN interrupt_control_v2_01_a/interrupt_control 1323626342 \
      FL C:/Xilinx/13.1/ISE_DS/EDK/hw/XilinxProcessorIPLib/pcores/interrupt_control_v2_01_a/hdl/vhdl/interrupt_control.vhd \
      PB ieee/std_logic_1164 1296775758 PB ieee/std_logic_misc 1296775759 \
      PB ieee/NUMERIC_STD 1296775759 LB proc_common_v3_00_a \
      PB proc_common_v3_00_a/proc_common_pkg 1323626309 \
      PB proc_common_v3_00_a/ipif_pkg 1323626317
AR interrupt_control_v2_01_a/interrupt_control/implementation 1323626343 \
      FL C:/Xilinx/13.1/ISE_DS/EDK/hw/XilinxProcessorIPLib/pcores/interrupt_control_v2_01_a/hdl/vhdl/interrupt_control.vhd \
      EN interrupt_control_v2_01_a/interrupt_control 1323626342 CP std_logic
